sum numbers


[Christopher,0,0,0,0,0,0,0,0] => Christopher[0]
[Christopher,0,0,0,0,0,0,0,1] => Christopher[1]
[Christopher,0,0,0,0,0,0,1,0] => Christopher[1]
[Christopher,0,0,0,0,0,0,1,1] => Christopher[2]
[Christopher,0,0,0,0,0,1,0,0] => Christopher[1]
[Christopher,0,0,0,0,0,1,0,1] => Christopher[2]
[Christopher,0,0,0,0,0,1,1,0] => Christopher[2]
[Christopher,0,0,0,0,0,1,1,1] => Christopher[3]
[Christopher,0,0,0,0,1,0,0,0] => Christopher[1]
[Christopher,0,0,0,0,1,0,0,1] => Christopher[2]
[Christopher,0,0,0,0,1,0,1,0] => Christopher[2]
[Christopher,0,0,0,0,1,0,1,1] => Christopher[3]
[Christopher,0,0,0,0,1,1,0,0] => Christopher[2]
[Christopher,0,0,0,0,1,1,0,1] => Christopher[3]
[Christopher,0,0,0,0,1,1,1,0] => Christopher[3]
[Christopher,0,0,0,0,1,1,1,1] => Christopher[4]
[Christopher,0,0,0,1,0,0,0,0] => Christopher[1]
[Christopher,0,0,0,1,0,0,0,1] => Christopher[2]
[Christopher,0,0,0,1,0,0,1,0] => Christopher[2]
[Christopher,0,0,0,1,0,0,1,1] => Christopher[3]
[Christopher,0,0,0,1,0,1,0,0] => Christopher[2]
[Christopher,0,0,0,1,0,1,0,1] => Christopher[3]
[Christopher,0,0,0,1,0,1,1,0] => Christopher[3]
[Christopher,0,0,0,1,0,1,1,1] => Christopher[4]
[Christopher,0,0,0,1,1,0,0,0] => Christopher[2]
[Christopher,0,0,0,1,1,0,0,1] => Christopher[3]
[Christopher,0,0,0,1,1,0,1,0] => Christopher[3]
[Christopher,0,0,0,1,1,0,1,1] => Christopher[4]
[Christopher,0,0,0,1,1,1,0,0] => Christopher[3]
[Christopher,0,0,0,1,1,1,0,1] => Christopher[4]
[Christopher,0,0,0,1,1,1,1,0] => Christopher[4]
[Christopher,0,0,0,1,1,1,1,1] => Christopher[5]
[Christopher,0,0,1,0,0,0,0,0] => Christopher[1]
[Christopher,0,0,1,0,0,0,0,1] => Christopher[2]
[Christopher,0,0,1,0,0,0,1,0] => Christopher[2]
[Christopher,0,0,1,0,0,0,1,1] => Christopher[3]
[Christopher,0,0,1,0,0,1,0,0] => Christopher[2]
[Christopher,0,0,1,0,0,1,0,1] => Christopher[3]
[Christopher,0,0,1,0,0,1,1,0] => Christopher[3]
[Christopher,0,0,1,0,0,1,1,1] => Christopher[4]
[Christopher,0,0,1,0,1,0,0,0] => Christopher[2]
[Christopher,0,0,1,0,1,0,0,1] => Christopher[3]
[Christopher,0,0,1,0,1,0,1,0] => Christopher[3]
[Christopher,0,0,1,0,1,0,1,1] => Christopher[4]
[Christopher,0,0,1,0,1,1,0,0] => Christopher[3]
[Christopher,0,0,1,0,1,1,0,1] => Christopher[4]
[Christopher,0,0,1,0,1,1,1,0] => Christopher[4]
[Christopher,0,0,1,0,1,1,1,1] => Christopher[5]
[Christopher,0,0,1,1,0,0,0,0] => Christopher[2]
[Christopher,0,0,1,1,0,0,0,1] => Christopher[3]
[Christopher,0,0,1,1,0,0,1,0] => Christopher[3]
[Christopher,0,0,1,1,0,0,1,1] => Christopher[4]
[Christopher,0,0,1,1,0,1,0,0] => Christopher[3]
[Christopher,0,0,1,1,0,1,0,1] => Christopher[4]
[Christopher,0,0,1,1,0,1,1,0] => Christopher[4]
[Christopher,0,0,1,1,0,1,1,1] => Christopher[5]
[Christopher,0,0,1,1,1,0,0,0] => Christopher[3]
[Christopher,0,0,1,1,1,0,0,1] => Christopher[4]
[Christopher,0,0,1,1,1,0,1,0] => Christopher[4]
[Christopher,0,0,1,1,1,0,1,1] => Christopher[5]
[Christopher,0,0,1,1,1,1,0,0] => Christopher[4]
[Christopher,0,0,1,1,1,1,0,1] => Christopher[5]
[Christopher,0,0,1,1,1,1,1,0] => Christopher[5]
[Christopher,0,0,1,1,1,1,1,1] => Christopher[6]
[Christopher,0,1,0,0,0,0,0,0] => Christopher[1]
[Christopher,0,1,0,0,0,0,0,1] => Christopher[2]
[Christopher,0,1,0,0,0,0,1,0] => Christopher[2]
[Christopher,0,1,0,0,0,0,1,1] => Christopher[3]
[Christopher,0,1,0,0,0,1,0,0] => Christopher[2]
[Christopher,0,1,0,0,0,1,0,1] => Christopher[3]
[Christopher,0,1,0,0,0,1,1,0] => Christopher[3]
[Christopher,0,1,0,0,0,1,1,1] => Christopher[4]
[Christopher,0,1,0,0,1,0,0,0] => Christopher[2]
[Christopher,0,1,0,0,1,0,0,1] => Christopher[3]
[Christopher,0,1,0,0,1,0,1,0] => Christopher[3]
[Christopher,0,1,0,0,1,0,1,1] => Christopher[4]
[Christopher,0,1,0,0,1,1,0,0] => Christopher[3]
[Christopher,0,1,0,0,1,1,0,1] => Christopher[4]
[Christopher,0,1,0,0,1,1,1,0] => Christopher[4]
[Christopher,0,1,0,0,1,1,1,1] => Christopher[5]
[Christopher,0,1,0,1,0,0,0,0] => Christopher[2]
[Christopher,0,1,0,1,0,0,0,1] => Christopher[3]
[Christopher,0,1,0,1,0,0,1,0] => Christopher[3]
[Christopher,0,1,0,1,0,0,1,1] => Christopher[4]
[Christopher,0,1,0,1,0,1,0,0] => Christopher[3]
[Christopher,0,1,0,1,0,1,0,1] => Christopher[4]
[Christopher,0,1,0,1,0,1,1,0] => Christopher[4]
[Christopher,0,1,0,1,0,1,1,1] => Christopher[5]
[Christopher,0,1,0,1,1,0,0,0] => Christopher[3]
[Christopher,0,1,0,1,1,0,0,1] => Christopher[4]
[Christopher,0,1,0,1,1,0,1,0] => Christopher[4]
[Christopher,0,1,0,1,1,0,1,1] => Christopher[5]
[Christopher,0,1,0,1,1,1,0,0] => Christopher[4]
[Christopher,0,1,0,1,1,1,0,1] => Christopher[5]
[Christopher,0,1,0,1,1,1,1,0] => Christopher[5]
[Christopher,0,1,0,1,1,1,1,1] => Christopher[6]
[Christopher,0,1,1,0,0,0,0,0] => Christopher[2]
[Christopher,0,1,1,0,0,0,0,1] => Christopher[3]
[Christopher,0,1,1,0,0,0,1,0] => Christopher[3]
[Christopher,0,1,1,0,0,0,1,1] => Christopher[4]
[Christopher,0,1,1,0,0,1,0,0] => Christopher[3]
[Christopher,0,1,1,0,0,1,0,1] => Christopher[4]
[Christopher,0,1,1,0,0,1,1,0] => Christopher[4]
[Christopher,0,1,1,0,0,1,1,1] => Christopher[5]
[Christopher,0,1,1,0,1,0,0,0] => Christopher[3]
[Christopher,0,1,1,0,1,0,0,1] => Christopher[4]
[Christopher,0,1,1,0,1,0,1,0] => Christopher[4]
[Christopher,0,1,1,0,1,0,1,1] => Christopher[5]
[Christopher,0,1,1,0,1,1,0,0] => Christopher[4]
[Christopher,0,1,1,0,1,1,0,1] => Christopher[5]
[Christopher,0,1,1,0,1,1,1,0] => Christopher[5]
[Christopher,0,1,1,0,1,1,1,1] => Christopher[6]
[Christopher,0,1,1,1,0,0,0,0] => Christopher[3]
[Christopher,0,1,1,1,0,0,0,1] => Christopher[4]
[Christopher,0,1,1,1,0,0,1,0] => Christopher[4]
[Christopher,0,1,1,1,0,0,1,1] => Christopher[5]
[Christopher,0,1,1,1,0,1,0,0] => Christopher[4]
[Christopher,0,1,1,1,0,1,0,1] => Christopher[5]
[Christopher,0,1,1,1,0,1,1,0] => Christopher[5]
[Christopher,0,1,1,1,0,1,1,1] => Christopher[6]
[Christopher,0,1,1,1,1,0,0,0] => Christopher[4]
[Christopher,0,1,1,1,1,0,0,1] => Christopher[5]
[Christopher,0,1,1,1,1,0,1,0] => Christopher[5]
[Christopher,0,1,1,1,1,0,1,1] => Christopher[6]
[Christopher,0,1,1,1,1,1,0,0] => Christopher[5]
[Christopher,0,1,1,1,1,1,0,1] => Christopher[6]
[Christopher,0,1,1,1,1,1,1,0] => Christopher[6]
[Christopher,0,1,1,1,1,1,1,1] => Christopher[7]
[Christopher,1,0,0,0,0,0,0,0] => Christopher[1]
[Christopher,1,0,0,0,0,0,0,1] => Christopher[2]
[Christopher,1,0,0,0,0,0,1,0] => Christopher[2]
[Christopher,1,0,0,0,0,0,1,1] => Christopher[3]
[Christopher,1,0,0,0,0,1,0,0] => Christopher[2]
[Christopher,1,0,0,0,0,1,0,1] => Christopher[3]
[Christopher,1,0,0,0,0,1,1,0] => Christopher[3]
[Christopher,1,0,0,0,0,1,1,1] => Christopher[4]
[Christopher,1,0,0,0,1,0,0,0] => Christopher[2]
[Christopher,1,0,0,0,1,0,0,1] => Christopher[3]
[Christopher,1,0,0,0,1,0,1,0] => Christopher[3]
[Christopher,1,0,0,0,1,0,1,1] => Christopher[4]
[Christopher,1,0,0,0,1,1,0,0] => Christopher[3]
[Christopher,1,0,0,0,1,1,0,1] => Christopher[4]
[Christopher,1,0,0,0,1,1,1,0] => Christopher[4]
[Christopher,1,0,0,0,1,1,1,1] => Christopher[5]
[Christopher,1,0,0,1,0,0,0,0] => Christopher[2]
[Christopher,1,0,0,1,0,0,0,1] => Christopher[3]
[Christopher,1,0,0,1,0,0,1,0] => Christopher[3]
[Christopher,1,0,0,1,0,0,1,1] => Christopher[4]
[Christopher,1,0,0,1,0,1,0,0] => Christopher[3]
[Christopher,1,0,0,1,0,1,0,1] => Christopher[4]
[Christopher,1,0,0,1,0,1,1,0] => Christopher[4]
[Christopher,1,0,0,1,0,1,1,1] => Christopher[5]
[Christopher,1,0,0,1,1,0,0,0] => Christopher[3]
[Christopher,1,0,0,1,1,0,0,1] => Christopher[4]
[Christopher,1,0,0,1,1,0,1,0] => Christopher[4]
[Christopher,1,0,0,1,1,0,1,1] => Christopher[5]
[Christopher,1,0,0,1,1,1,0,0] => Christopher[4]
[Christopher,1,0,0,1,1,1,0,1] => Christopher[5]
[Christopher,1,0,0,1,1,1,1,0] => Christopher[5]
[Christopher,1,0,0,1,1,1,1,1] => Christopher[6]
[Christopher,1,0,1,0,0,0,0,0] => Christopher[2]
[Christopher,1,0,1,0,0,0,0,1] => Christopher[3]
[Christopher,1,0,1,0,0,0,1,0] => Christopher[3]
[Christopher,1,0,1,0,0,0,1,1] => Christopher[4]
[Christopher,1,0,1,0,0,1,0,0] => Christopher[3]
[Christopher,1,0,1,0,0,1,0,1] => Christopher[4]
[Christopher,1,0,1,0,0,1,1,0] => Christopher[4]
[Christopher,1,0,1,0,0,1,1,1] => Christopher[5]
[Christopher,1,0,1,0,1,0,0,0] => Christopher[3]
[Christopher,1,0,1,0,1,0,0,1] => Christopher[4]
[Christopher,1,0,1,0,1,0,1,0] => Christopher[4]
[Christopher,1,0,1,0,1,0,1,1] => Christopher[5]
[Christopher,1,0,1,0,1,1,0,0] => Christopher[4]
[Christopher,1,0,1,0,1,1,0,1] => Christopher[5]
[Christopher,1,0,1,0,1,1,1,0] => Christopher[5]
[Christopher,1,0,1,0,1,1,1,1] => Christopher[6]
[Christopher,1,0,1,1,0,0,0,0] => Christopher[3]
[Christopher,1,0,1,1,0,0,0,1] => Christopher[4]
[Christopher,1,0,1,1,0,0,1,0] => Christopher[4]
[Christopher,1,0,1,1,0,0,1,1] => Christopher[5]
[Christopher,1,0,1,1,0,1,0,0] => Christopher[4]
[Christopher,1,0,1,1,0,1,0,1] => Christopher[5]
[Christopher,1,0,1,1,0,1,1,0] => Christopher[5]
[Christopher,1,0,1,1,0,1,1,1] => Christopher[6]
[Christopher,1,0,1,1,1,0,0,0] => Christopher[4]
[Christopher,1,0,1,1,1,0,0,1] => Christopher[5]
[Christopher,1,0,1,1,1,0,1,0] => Christopher[5]
[Christopher,1,0,1,1,1,0,1,1] => Christopher[6]
[Christopher,1,0,1,1,1,1,0,0] => Christopher[5]
[Christopher,1,0,1,1,1,1,0,1] => Christopher[6]
[Christopher,1,0,1,1,1,1,1,0] => Christopher[6]
[Christopher,1,0,1,1,1,1,1,1] => Christopher[7]
[Christopher,1,1,0,0,0,0,0,0] => Christopher[2]
[Christopher,1,1,0,0,0,0,0,1] => Christopher[3]
[Christopher,1,1,0,0,0,0,1,0] => Christopher[3]
[Christopher,1,1,0,0,0,0,1,1] => Christopher[4]
[Christopher,1,1,0,0,0,1,0,0] => Christopher[3]
[Christopher,1,1,0,0,0,1,0,1] => Christopher[4]
[Christopher,1,1,0,0,0,1,1,0] => Christopher[4]
[Christopher,1,1,0,0,0,1,1,1] => Christopher[5]
[Christopher,1,1,0,0,1,0,0,0] => Christopher[3]
[Christopher,1,1,0,0,1,0,0,1] => Christopher[4]
[Christopher,1,1,0,0,1,0,1,0] => Christopher[4]
[Christopher,1,1,0,0,1,0,1,1] => Christopher[5]
[Christopher,1,1,0,0,1,1,0,0] => Christopher[4]
[Christopher,1,1,0,0,1,1,0,1] => Christopher[5]
[Christopher,1,1,0,0,1,1,1,0] => Christopher[5]
[Christopher,1,1,0,0,1,1,1,1] => Christopher[6]
[Christopher,1,1,0,1,0,0,0,0] => Christopher[3]
[Christopher,1,1,0,1,0,0,0,1] => Christopher[4]
[Christopher,1,1,0,1,0,0,1,0] => Christopher[4]
[Christopher,1,1,0,1,0,0,1,1] => Christopher[5]
[Christopher,1,1,0,1,0,1,0,0] => Christopher[4]
[Christopher,1,1,0,1,0,1,0,1] => Christopher[5]
[Christopher,1,1,0,1,0,1,1,0] => Christopher[5]
[Christopher,1,1,0,1,0,1,1,1] => Christopher[6]
[Christopher,1,1,0,1,1,0,0,0] => Christopher[4]
[Christopher,1,1,0,1,1,0,0,1] => Christopher[5]
[Christopher,1,1,0,1,1,0,1,0] => Christopher[5]
[Christopher,1,1,0,1,1,0,1,1] => Christopher[6]
[Christopher,1,1,0,1,1,1,0,0] => Christopher[5]
[Christopher,1,1,0,1,1,1,0,1] => Christopher[6]
[Christopher,1,1,0,1,1,1,1,0] => Christopher[6]
[Christopher,1,1,0,1,1,1,1,1] => Christopher[7]
[Christopher,1,1,1,0,0,0,0,0] => Christopher[3]
[Christopher,1,1,1,0,0,0,0,1] => Christopher[4]
[Christopher,1,1,1,0,0,0,1,0] => Christopher[4]
[Christopher,1,1,1,0,0,0,1,1] => Christopher[5]
[Christopher,1,1,1,0,0,1,0,0] => Christopher[4]
[Christopher,1,1,1,0,0,1,0,1] => Christopher[5]
[Christopher,1,1,1,0,0,1,1,0] => Christopher[5]
[Christopher,1,1,1,0,0,1,1,1] => Christopher[6]
[Christopher,1,1,1,0,1,0,0,0] => Christopher[4]
[Christopher,1,1,1,0,1,0,0,1] => Christopher[5]
[Christopher,1,1,1,0,1,0,1,0] => Christopher[5]
[Christopher,1,1,1,0,1,0,1,1] => Christopher[6]
[Christopher,1,1,1,0,1,1,0,0] => Christopher[5]
[Christopher,1,1,1,0,1,1,0,1] => Christopher[6]
[Christopher,1,1,1,0,1,1,1,0] => Christopher[6]
[Christopher,1,1,1,0,1,1,1,1] => Christopher[7]
[Christopher,1,1,1,1,0,0,0,0] => Christopher[4]
[Christopher,1,1,1,1,0,0,0,1] => Christopher[5]
[Christopher,1,1,1,1,0,0,1,0] => Christopher[5]
[Christopher,1,1,1,1,0,0,1,1] => Christopher[6]
[Christopher,1,1,1,1,0,1,0,0] => Christopher[5]
[Christopher,1,1,1,1,0,1,0,1] => Christopher[6]
[Christopher,1,1,1,1,0,1,1,0] => Christopher[6]
[Christopher,1,1,1,1,0,1,1,1] => Christopher[7]
[Christopher,1,1,1,1,1,0,0,0] => Christopher[5]
[Christopher,1,1,1,1,1,0,0,1] => Christopher[6]
[Christopher,1,1,1,1,1,0,1,0] => Christopher[6]
[Christopher,1,1,1,1,1,0,1,1] => Christopher[7]
[Christopher,1,1,1,1,1,1,0,0] => Christopher[6]
[Christopher,1,1,1,1,1,1,0,1] => Christopher[7]
[Christopher,1,1,1,1,1,1,1,0] => Christopher[7]
[Christopher,1,1,1,1,1,1,1,1] => Christopher[8]